// Vitest Snapshot v1, https://vitest.dev/guide/snapshot.html

exports[`JaafApp > Renders correctly 1`] = `
<div>
  <style>
    :root {
--accent-color: rgb(98, 0, 238);
--accent-color-light: rgb(137, 54, 255);
--accent-color-light-contrast: rgb(255, 255, 255);
--accent-color-dark: rgb(69, 0, 167);
--accent-color-dark-contrast: rgb(255, 255, 255);
--accent-color-contrast: rgb(255, 255, 255);
--background-color: rgb(0, 0, 0);
--background-color-light: rgb(0, 0, 0);
--background-color-light-contrast: rgb(255, 255, 255);
--background-color-dark: rgb(0, 0, 0);
--background-color-dark-contrast: rgb(255, 255, 255);
--background-color-contrast: rgb(255, 255, 255);
--success-color: rgb(0, 255, 0);
--success-color-light: rgb(77, 255, 77);
--success-color-light-contrast: rgb(0, 0, 0);
--success-color-dark: rgb(0, 179, 0);
--success-color-dark-contrast: rgb(255, 255, 255);
--success-color-contrast: rgb(0, 0, 0);
--info-color: rgb(0, 0, 255);
--info-color-light: rgb(77, 77, 255);
--info-color-light-contrast: rgb(255, 255, 255);
--info-color-dark: rgb(0, 0, 179);
--info-color-dark-contrast: rgb(255, 255, 255);
--info-color-contrast: rgb(255, 255, 255);
--warning-color: rgb(255, 165, 0);
--warning-color-light: rgb(255, 192, 77);
--warning-color-light-contrast: rgb(0, 0, 0);
--warning-color-dark: rgb(179, 116, 0);
--warning-color-dark-contrast: rgb(255, 255, 255);
--warning-color-contrast: rgb(0, 0, 0);
--error-color: rgb(255, 0, 0);
--error-color-light: rgb(255, 77, 77);
--error-color-light-contrast: rgb(255, 255, 255);
--error-color-dark: rgb(179, 0, 0);
--error-color-dark-contrast: rgb(255, 255, 255);
--error-color-contrast: rgb(255, 255, 255);
}
body {
background: var(--background-color);
color: var(--background-color-contrast);
}
  </style>
  <div
    data-testid="test"
  >
    TEST
  </div>
</div>
`;
